// Jest Snapshot v1, https://goo.gl/fbAQLP

exports[`<TestResults />  should render properly 1`] = `
<pre
  className="sucess"
>
  {"Test-1":"Fail","Test-2":"Fail","Test-3":"Fail"}
</pre>
`;
